RESTORE.CTL(1): Error! E230: Label '$M_NUM_CLS' is already defined
RESTORE.CTL(1): Note! N290: included by file /var/folders/ss/gwtjwn753g54d65c43lsc_4m0000gp/T/tmp.x4nOAYlp0h/inc_______INC/SYSMSG.INC(446)
RESTORE.CTL(1): Note! N291: macro called from file /var/folders/ss/gwtjwn753g54d65c43lsc_4m0000gp/T/tmp.x4nOAYlp0h/inc_______INC/SYSMSG.INC(410)
RESTORE.CTL(1): Note! N291: macro called from file /var/folders/ss/gwtjwn753g54d65c43lsc_4m0000gp/T/tmp.x4nOAYlp0h/_MSGRET.ASM(63)
RESTORE.CLA(12): Error! E050: Offset cannot be smaller than WORD size
RESTORE.CLA(12): Note! N290: included by file /var/folders/ss/gwtjwn753g54d65c43lsc_4m0000gp/T/tmp.x4nOAYlp0h/inc_______INC/SYSMSG.INC(446)
RESTORE.CLA(12): Note! N291: macro called from file /var/folders/ss/gwtjwn753g54d65c43lsc_4m0000gp/T/tmp.x4nOAYlp0h/inc_______INC/SYSMSG.INC(410)
RESTORE.CLA(12): Note! N291: macro called from file /var/folders/ss/gwtjwn753g54d65c43lsc_4m0000gp/T/tmp.x4nOAYlp0h/_MSGRET.ASM(63)
RESTORE.CL1(12): Error! E050: Offset cannot be smaller than WORD size
RESTORE.CL1(12): Note! N290: included by file /var/folders/ss/gwtjwn753g54d65c43lsc_4m0000gp/T/tmp.x4nOAYlp0h/inc_______INC/SYSMSG.INC(446)
RESTORE.CL1(12): Note! N291: macro called from file /var/folders/ss/gwtjwn753g54d65c43lsc_4m0000gp/T/tmp.x4nOAYlp0h/inc_______INC/SYSMSG.INC(410)
RESTORE.CL1(12): Note! N291: macro called from file /var/folders/ss/gwtjwn753g54d65c43lsc_4m0000gp/T/tmp.x4nOAYlp0h/_MSGRET.ASM(63)
RESTORE.CL1(39): Error! E299: '$M_MSGSERV_1' is already defined
RESTORE.CL1(39): Note! N290: included by file /var/folders/ss/gwtjwn753g54d65c43lsc_4m0000gp/T/tmp.x4nOAYlp0h/inc_______INC/SYSMSG.INC(446)
RESTORE.CL1(39): Note! N291: macro called from file /var/folders/ss/gwtjwn753g54d65c43lsc_4m0000gp/T/tmp.x4nOAYlp0h/inc_______INC/SYSMSG.INC(410)
RESTORE.CL1(39): Note! N291: macro called from file /var/folders/ss/gwtjwn753g54d65c43lsc_4m0000gp/T/tmp.x4nOAYlp0h/_MSGRET.ASM(63)
RESTORE.CL1(50): Error! E206: Block nesting error
RESTORE.CL1(50): Note! N290: included by file /var/folders/ss/gwtjwn753g54d65c43lsc_4m0000gp/T/tmp.x4nOAYlp0h/inc_______INC/SYSMSG.INC(446)
RESTORE.CL1(50): Note! N291: macro called from file /var/folders/ss/gwtjwn753g54d65c43lsc_4m0000gp/T/tmp.x4nOAYlp0h/inc_______INC/SYSMSG.INC(410)
RESTORE.CL1(50): Note! N291: macro called from file /var/folders/ss/gwtjwn753g54d65c43lsc_4m0000gp/T/tmp.x4nOAYlp0h/_MSGRET.ASM(63)
RESTORE.CL2(12): Error! E050: Offset cannot be smaller than WORD size
RESTORE.CL2(12): Note! N290: included by file /var/folders/ss/gwtjwn753g54d65c43lsc_4m0000gp/T/tmp.x4nOAYlp0h/inc_______INC/SYSMSG.INC(446)
RESTORE.CL2(12): Note! N291: macro called from file /var/folders/ss/gwtjwn753g54d65c43lsc_4m0000gp/T/tmp.x4nOAYlp0h/inc_______INC/SYSMSG.INC(410)
RESTORE.CL2(12): Note! N291: macro called from file /var/folders/ss/gwtjwn753g54d65c43lsc_4m0000gp/T/tmp.x4nOAYlp0h/_MSGRET.ASM(63)
RESTORE.CL2(39): Error! E299: '$M_MSGSERV_2' is already defined
RESTORE.CL2(39): Note! N290: included by file /var/folders/ss/gwtjwn753g54d65c43lsc_4m0000gp/T/tmp.x4nOAYlp0h/inc_______INC/SYSMSG.INC(446)
RESTORE.CL2(39): Note! N291: macro called from file /var/folders/ss/gwtjwn753g54d65c43lsc_4m0000gp/T/tmp.x4nOAYlp0h/inc_______INC/SYSMSG.INC(410)
RESTORE.CL2(39): Note! N291: macro called from file /var/folders/ss/gwtjwn753g54d65c43lsc_4m0000gp/T/tmp.x4nOAYlp0h/_MSGRET.ASM(63)
RESTORE.CL2(50): Error! E206: Block nesting error
RESTORE.CL2(50): Note! N290: included by file /var/folders/ss/gwtjwn753g54d65c43lsc_4m0000gp/T/tmp.x4nOAYlp0h/inc_______INC/SYSMSG.INC(446)
RESTORE.CL2(50): Note! N291: macro called from file /var/folders/ss/gwtjwn753g54d65c43lsc_4m0000gp/T/tmp.x4nOAYlp0h/inc_______INC/SYSMSG.INC(410)
RESTORE.CL2(50): Note! N291: macro called from file /var/folders/ss/gwtjwn753g54d65c43lsc_4m0000gp/T/tmp.x4nOAYlp0h/_MSGRET.ASM(63)
/var/folders/ss/gwtjwn753g54d65c43lsc_4m0000gp/T/tmp.x4nOAYlp0h/_MSGRET.ASM(242): Warning! W249: End directive required at end of file
