../../INC/MSGSERV.ASM(206): Error! E074: Constant operand is expected
../../INC/MSGSERV.ASM(206): Note! N290: included by file ../../INC/SYSMSG.INC(361)
../../INC/MSGSERV.ASM(206): Note! N291: macro called from file TREESYSM.ASM(112)
../../INC/MSGHAN.INC(71): Error! E094: This instruction is not supported
../../INC/MSGHAN.INC(71): Note! N290: included by file TREESYSM.ASM(121)
TREEMS.INC(34): Error! E032: Syntax error
TREEMS.INC(34): Note! N290: included by file TREESYSM.ASM(122)
TREEMS.INC(34): Error! E065: Operator is expected
TREEMS.INC(34): Note! N290: included by file TREESYSM.ASM(122)
TREEMS.INC(44): Error! E032: Syntax error
TREEMS.INC(44): Note! N290: included by file TREESYSM.ASM(122)
TREEMS.INC(44): Error! E065: Operator is expected
TREEMS.INC(44): Note! N290: included by file TREESYSM.ASM(122)
TREEMS.INC(57): Error! E032: Syntax error
TREEMS.INC(57): Note! N290: included by file TREESYSM.ASM(122)
TREEMS.INC(57): Error! E065: Operator is expected
TREEMS.INC(57): Note! N290: included by file TREESYSM.ASM(122)
TREEMS.INC(62): Error! E032: Syntax error
TREEMS.INC(62): Note! N290: included by file TREESYSM.ASM(122)
TREEMS.INC(62): Error! E065: Operator is expected
TREEMS.INC(62): Note! N290: included by file TREESYSM.ASM(122)
TREEMS.INC(63): Error! E032: Syntax error
TREEMS.INC(63): Note! N290: included by file TREESYSM.ASM(122)
TREEMS.INC(63): Error! E065: Operator is expected
TREEMS.INC(63): Note! N290: included by file TREESYSM.ASM(122)
../../INC/MSGDCL.INC(38): Error! E074: Constant operand is expected
../../INC/MSGDCL.INC(38): Note! N291: macro called from file ../../INC/MSGDCL.INC(16)
../../INC/MSGDCL.INC(38): Note! N291: macro called from file ../../INC/MSGDCL.INC(101)
../../INC/MSGDCL.INC(38): Note! N290: included by file TREESYSM.ASM(145)
TREESYSM.ASM(149): Warning! W249: End directive required at end of file
