UINIT.ASM(14): Error! E094: This instruction is not supported
../../INC/SYSMSG.INC(52): Error! E230: Label 'FALSE' is already defined
../../INC/SYSMSG.INC(52): Note! N290: included by file UINIT.ASM(254)
../../INC/SYSMSG.INC(53): Error! E230: Label 'TRUE' is already defined
../../INC/SYSMSG.INC(53): Note! N290: included by file UINIT.ASM(254)
../../INC/SYSMSG.INC(283): Error! E220: Cannot open include file &UTILNAME.CTL
../../INC/SYSMSG.INC(283): Note! N291: macro called from file UINIT.ASM(260)
../../INC/MSGSERV.ASM(92): Error! E065: Operator is expected
../../INC/MSGSERV.ASM(92): Note! N290: included by file ../../INC/SYSMSG.INC(284)
../../INC/MSGSERV.ASM(92): Note! N291: macro called from file UINIT.ASM(260)
../../INC/MSGSERV.ASM(109): Error! E065: Operator is expected
../../INC/MSGSERV.ASM(109): Note! N290: included by file ../../INC/SYSMSG.INC(284)
../../INC/MSGSERV.ASM(109): Note! N291: macro called from file UINIT.ASM(260)
../../INC/MSGSERV.ASM(132): Error! E032: Syntax error
../../INC/MSGSERV.ASM(132): Note! N290: included by file ../../INC/SYSMSG.INC(284)
../../INC/MSGSERV.ASM(132): Note! N291: macro called from file UINIT.ASM(260)
../../INC/MSGSERV.ASM(147): Error! E065: Operator is expected
../../INC/MSGSERV.ASM(147): Note! N290: included by file ../../INC/SYSMSG.INC(284)
../../INC/MSGSERV.ASM(147): Note! N291: macro called from file UINIT.ASM(260)
../../INC/MSGSERV.ASM(159): Error! E250: Nesting level too deep
../../INC/MSGSERV.ASM(159): Note! N290: included by file ../../INC/SYSMSG.INC(284)
../../INC/MSGSERV.ASM(159): Note! N291: macro called from file UINIT.ASM(260)
../../INC/MSGSERV.ASM(159): Error! E250: Nesting level too deep
../../INC/MSGSERV.ASM(159): Note! N290: included by file ../../INC/SYSMSG.INC(284)
../../INC/MSGSERV.ASM(159): Note! N291: macro called from file UINIT.ASM(260)
../../INC/SYSMSG.INC(360): Error! E220: Cannot open include file &EXT
../../INC/SYSMSG.INC(360): Note! N291: macro called from file ../../INC/SYSMSG.INC(324)
../../INC/SYSMSG.INC(360): Note! N291: macro called from file UINIT.ASM(262)
../../INC/MSGDCL.INC(14): Error! E066: Operand is expected
../../INC/MSGDCL.INC(14): Note! N291: macro called from file ../../INC/MSGDCL.INC(103)
../../INC/MSGDCL.INC(14): Note! N290: included by file UINIT.ASM(264)
