/home/ddanila/fun/msdos/MS-DOS/v4.0/src/INC/DOSSYM.INC(4): Error! E230: Label 'TRUE' is already defined
/home/ddanila/fun/msdos/MS-DOS/v4.0/src/INC/DOSSYM.INC(4): Note! N290: included by file /home/ddanila/fun/msdos/MS-DOS/v4.0/src/DOS/MS_CODE.ASM(7)
/home/ddanila/fun/msdos/MS-DOS/v4.0/src/INC/DOSSYM.INC(4): Note! N290: included by file /home/ddanila/fun/msdos/MS-DOS/v4.0/src/DOS/STDCODE.ASM(13)
/home/ddanila/fun/msdos/MS-DOS/v4.0/src/INC/DOSSYM.INC(5): Error! E230: Label 'FALSE' is already defined
/home/ddanila/fun/msdos/MS-DOS/v4.0/src/INC/DOSSYM.INC(5): Note! N290: included by file /home/ddanila/fun/msdos/MS-DOS/v4.0/src/DOS/MS_CODE.ASM(7)
/home/ddanila/fun/msdos/MS-DOS/v4.0/src/INC/DOSSYM.INC(5): Note! N290: included by file /home/ddanila/fun/msdos/MS-DOS/v4.0/src/DOS/STDCODE.ASM(13)
/home/ddanila/fun/msdos/MS-DOS/v4.0/src/INC/VERSION.INC(44): Error! E230: Label 'IBM' is already defined
/home/ddanila/fun/msdos/MS-DOS/v4.0/src/INC/VERSION.INC(44): Note! N290: included by file /home/ddanila/fun/msdos/MS-DOS/v4.0/src/INC/SYSVAR.INC(2)
/home/ddanila/fun/msdos/MS-DOS/v4.0/src/INC/VERSION.INC(44): Note! N290: included by file /home/ddanila/fun/msdos/MS-DOS/v4.0/src/INC/DOSSYM.INC(69)
/home/ddanila/fun/msdos/MS-DOS/v4.0/src/INC/VERSION.INC(44): Note! N290: included by file /home/ddanila/fun/msdos/MS-DOS/v4.0/src/DOS/MS_CODE.ASM(7)
/home/ddanila/fun/msdos/MS-DOS/v4.0/src/INC/VERSION.INC(44): Note! N290: included by file /home/ddanila/fun/msdos/MS-DOS/v4.0/src/DOS/STDCODE.ASM(13)
/home/ddanila/fun/msdos/MS-DOS/v4.0/src/INC/DOSMAC.INC(197): Error! E306: Label is defined outside segment
/home/ddanila/fun/msdos/MS-DOS/v4.0/src/INC/DOSMAC.INC(197): Note! N291: macro called from file /home/ddanila/fun/msdos/MS-DOS/v4.0/src/INC/IFSSYM.INC(497)
/home/ddanila/fun/msdos/MS-DOS/v4.0/src/INC/DOSMAC.INC(197): Note! N290: included by file /home/ddanila/fun/msdos/MS-DOS/v4.0/src/DOS/MS_CODE.ASM(10)
/home/ddanila/fun/msdos/MS-DOS/v4.0/src/INC/DOSMAC.INC(197): Note! N290: included by file /home/ddanila/fun/msdos/MS-DOS/v4.0/src/DOS/STDCODE.ASM(13)
/home/ddanila/fun/msdos/MS-DOS/v4.0/src/INC/DOSMAC.INC(198): Error! E225: Data emitted with no segment
/home/ddanila/fun/msdos/MS-DOS/v4.0/src/INC/DOSMAC.INC(198): Note! N291: macro called from file /home/ddanila/fun/msdos/MS-DOS/v4.0/src/INC/IFSSYM.INC(497)
/home/ddanila/fun/msdos/MS-DOS/v4.0/src/INC/DOSMAC.INC(198): Note! N290: included by file /home/ddanila/fun/msdos/MS-DOS/v4.0/src/DOS/MS_CODE.ASM(10)
/home/ddanila/fun/msdos/MS-DOS/v4.0/src/INC/DOSMAC.INC(198): Note! N290: included by file /home/ddanila/fun/msdos/MS-DOS/v4.0/src/DOS/STDCODE.ASM(13)
/home/ddanila/fun/msdos/MS-DOS/v4.0/src/DOS/STDCODE.ASM(15): Warning! W249: End directive required at end of file
