/home/ddanila/fun/msdos/MS-DOS/v4.0/src/INC/DOSSYM.INC(4): Error! E230: Label 'TRUE' is already defined
/home/ddanila/fun/msdos/MS-DOS/v4.0/src/INC/DOSSYM.INC(4): Note! N290: included by file /home/ddanila/fun/msdos/MS-DOS/v4.0/src/DOS/CPMIO.ASM(42)
/home/ddanila/fun/msdos/MS-DOS/v4.0/src/INC/DOSSYM.INC(4): Note! N290: included by file /home/ddanila/fun/msdos/MS-DOS/v4.0/src/DOS/STDCPMIO.ASM(14)
/home/ddanila/fun/msdos/MS-DOS/v4.0/src/INC/DOSSYM.INC(5): Error! E230: Label 'FALSE' is already defined
/home/ddanila/fun/msdos/MS-DOS/v4.0/src/INC/DOSSYM.INC(5): Note! N290: included by file /home/ddanila/fun/msdos/MS-DOS/v4.0/src/DOS/CPMIO.ASM(42)
/home/ddanila/fun/msdos/MS-DOS/v4.0/src/INC/DOSSYM.INC(5): Note! N290: included by file /home/ddanila/fun/msdos/MS-DOS/v4.0/src/DOS/STDCPMIO.ASM(14)
/home/ddanila/fun/msdos/MS-DOS/v4.0/src/INC/VERSION.INC(44): Error! E230: Label 'IBM' is already defined
/home/ddanila/fun/msdos/MS-DOS/v4.0/src/INC/VERSION.INC(44): Note! N290: included by file /home/ddanila/fun/msdos/MS-DOS/v4.0/src/INC/SYSVAR.INC(2)
/home/ddanila/fun/msdos/MS-DOS/v4.0/src/INC/VERSION.INC(44): Note! N290: included by file /home/ddanila/fun/msdos/MS-DOS/v4.0/src/INC/DOSSYM.INC(69)
/home/ddanila/fun/msdos/MS-DOS/v4.0/src/INC/VERSION.INC(44): Note! N290: included by file /home/ddanila/fun/msdos/MS-DOS/v4.0/src/DOS/CPMIO.ASM(42)
/home/ddanila/fun/msdos/MS-DOS/v4.0/src/INC/VERSION.INC(44): Note! N290: included by file /home/ddanila/fun/msdos/MS-DOS/v4.0/src/DOS/STDCPMIO.ASM(14)
/home/ddanila/fun/msdos/MS-DOS/v4.0/src/DOS/STRIN.ASM(167): Error! E299: 'COPYNEW' is already defined
/home/ddanila/fun/msdos/MS-DOS/v4.0/src/DOS/STRIN.ASM(167): Note! N290: included by file /home/ddanila/fun/msdos/MS-DOS/v4.0/src/DOS/CPMIO.ASM(230)
/home/ddanila/fun/msdos/MS-DOS/v4.0/src/DOS/STRIN.ASM(167): Note! N290: included by file /home/ddanila/fun/msdos/MS-DOS/v4.0/src/DOS/STDCPMIO.ASM(14)
/home/ddanila/fun/msdos/MS-DOS/v4.0/src/DOS/STRIN.ASM(293): Error! E299: 'BACKMES' is already defined
/home/ddanila/fun/msdos/MS-DOS/v4.0/src/DOS/STRIN.ASM(293): Note! N290: included by file /home/ddanila/fun/msdos/MS-DOS/v4.0/src/DOS/CPMIO.ASM(230)
/home/ddanila/fun/msdos/MS-DOS/v4.0/src/DOS/STRIN.ASM(293): Note! N290: included by file /home/ddanila/fun/msdos/MS-DOS/v4.0/src/DOS/STDCPMIO.ASM(14)
/home/ddanila/fun/msdos/MS-DOS/v4.0/src/DOS/STRIN.ASM(355): Error! E299: 'FINDOLD' is already defined
/home/ddanila/fun/msdos/MS-DOS/v4.0/src/DOS/STRIN.ASM(355): Note! N290: included by file /home/ddanila/fun/msdos/MS-DOS/v4.0/src/DOS/CPMIO.ASM(230)
/home/ddanila/fun/msdos/MS-DOS/v4.0/src/DOS/STRIN.ASM(355): Note! N290: included by file /home/ddanila/fun/msdos/MS-DOS/v4.0/src/DOS/STDCPMIO.ASM(14)
