/home/ddanila/fun/msdos/MS-DOS/v4.0/src/INC/DOSMAC.INC(59): Error! E251: Symbol GetPath is not defined
/home/ddanila/fun/msdos/MS-DOS/v4.0/src/INC/DOSMAC.INC(59): Note! N291: macro called from file DIRCALL.ASM(259)
/home/ddanila/fun/msdos/MS-DOS/v4.0/src/INC/DOSMAC.INC(190): Error! E251: Symbol NET_RMDIR is not defined
/home/ddanila/fun/msdos/MS-DOS/v4.0/src/INC/DOSMAC.INC(190): Note! N291: macro called from file /home/ddanila/fun/msdos/MS-DOS/v4.0/src/INC/DOSMAC.INC(69)
/home/ddanila/fun/msdos/MS-DOS/v4.0/src/INC/DOSMAC.INC(190): Note! N291: macro called from file DIRCALL.ASM(311)
/home/ddanila/fun/msdos/MS-DOS/v4.0/src/INC/DOSMAC.INC(59): Error! E251: Symbol GetPath is not defined
/home/ddanila/fun/msdos/MS-DOS/v4.0/src/INC/DOSMAC.INC(59): Note! N291: macro called from file DIRCALL.ASM(323)
/home/ddanila/fun/msdos/MS-DOS/v4.0/src/INC/DOSMAC.INC(59): Error! E251: Symbol STARTSRCH is not defined
/home/ddanila/fun/msdos/MS-DOS/v4.0/src/INC/DOSMAC.INC(59): Note! N291: macro called from file DIRCALL.ASM(358)
/home/ddanila/fun/msdos/MS-DOS/v4.0/src/INC/DOSMAC.INC(59): Error! E251: Symbol GETENTRY is not defined
/home/ddanila/fun/msdos/MS-DOS/v4.0/src/INC/DOSMAC.INC(59): Note! N291: macro called from file DIRCALL.ASM(359)
/home/ddanila/fun/msdos/MS-DOS/v4.0/src/INC/DOSMAC.INC(59): Error! E251: Symbol GETENTRY is not defined
/home/ddanila/fun/msdos/MS-DOS/v4.0/src/INC/DOSMAC.INC(59): Note! N291: macro called from file DIRCALL.ASM(373)
/home/ddanila/fun/msdos/MS-DOS/v4.0/src/INC/DOSMAC.INC(59): Error! E251: Symbol SRCH is not defined
/home/ddanila/fun/msdos/MS-DOS/v4.0/src/INC/DOSMAC.INC(59): Note! N291: macro called from file DIRCALL.ASM(376)
/home/ddanila/fun/msdos/MS-DOS/v4.0/src/INC/DOSMAC.INC(59): Error! E251: Symbol Delete_FSeek is not defined
/home/ddanila/fun/msdos/MS-DOS/v4.0/src/INC/DOSMAC.INC(59): Note! N291: macro called from file DIRCALL.ASM(383)
/home/ddanila/fun/msdos/MS-DOS/v4.0/src/INC/DOSMAC.INC(59): Error! E251: Symbol RELEASE is not defined
/home/ddanila/fun/msdos/MS-DOS/v4.0/src/INC/DOSMAC.INC(59): Note! N291: macro called from file DIRCALL.ASM(385)
/home/ddanila/fun/msdos/MS-DOS/v4.0/src/INC/DOSMAC.INC(59): Error! E251: Symbol FastOpen_Delete is not defined
/home/ddanila/fun/msdos/MS-DOS/v4.0/src/INC/DOSMAC.INC(59): Note! N291: macro called from file DIRCALL.ASM(417)
