../INC/DOSSYM.INC(4): Error! E230: Label 'TRUE' is already defined
../INC/DOSSYM.INC(4): Note! N290: included by file ../INC/MSHEAD.ASM(111)
../INC/DOSSYM.INC(4): Note! N290: included by file MSCONST.ASM(5)
../INC/DOSSYM.INC(4): Note! N290: included by file NSTDOS.ASM(6)
../INC/DOSSYM.INC(5): Error! E230: Label 'FALSE' is already defined
../INC/DOSSYM.INC(5): Note! N290: included by file ../INC/MSHEAD.ASM(111)
../INC/DOSSYM.INC(5): Note! N290: included by file MSCONST.ASM(5)
../INC/DOSSYM.INC(5): Note! N290: included by file NSTDOS.ASM(6)
../INC/VERSION.INC(44): Error! E230: Label 'IBM' is already defined
../INC/VERSION.INC(44): Note! N290: included by file ../INC/SYSVAR.INC(2)
../INC/VERSION.INC(44): Note! N290: included by file ../INC/DOSSYM.INC(69)
../INC/VERSION.INC(44): Note! N290: included by file ../INC/MSHEAD.ASM(111)
../INC/VERSION.INC(44): Note! N290: included by file MSCONST.ASM(5)
../INC/VERSION.INC(44): Note! N290: included by file NSTDOS.ASM(6)
../INC/BUGTYP.ASM(39): Error! E230: Label 'LevLog' is already defined
../INC/BUGTYP.ASM(39): Note! N290: included by file MSCONST.ASM(49)
../INC/BUGTYP.ASM(39): Note! N290: included by file NSTDOS.ASM(6)
../INC/BUGTYP.ASM(42): Error! E230: Label 'LevLog' is already defined
../INC/BUGTYP.ASM(42): Note! N290: included by file MSCONST.ASM(49)
../INC/BUGTYP.ASM(42): Note! N290: included by file NSTDOS.ASM(6)
../INC/BUGTYP.ASM(45): Error! E230: Label 'LevLog' is already defined
../INC/BUGTYP.ASM(45): Note! N290: included by file MSCONST.ASM(49)
../INC/BUGTYP.ASM(45): Note! N290: included by file NSTDOS.ASM(6)
../INC/BUGTYP.ASM(48): Error! E230: Label 'LevLog' is already defined
../INC/BUGTYP.ASM(48): Note! N290: included by file MSCONST.ASM(49)
../INC/BUGTYP.ASM(48): Note! N290: included by file NSTDOS.ASM(6)
../INC/DOSMAC.INC(156): Error! E045: Initializer value too large
../INC/DOSMAC.INC(156): Note! N291: macro called from file MSCONST.ASM(58)
../INC/DOSMAC.INC(156): Note! N290: included by file NSTDOS.ASM(6)
../INC/DOSMAC.INC(156): Error! E045: Initializer value too large
../INC/DOSMAC.INC(156): Note! N291: macro called from file MSCONST.ASM(69)
../INC/DOSMAC.INC(156): Note! N290: included by file NSTDOS.ASM(6)
