../INC/DOSSYM.INC(4): Error! E230: Label 'TRUE' is already defined
../INC/DOSSYM.INC(4): Note! N290: included by file MS_CODE.ASM(7)
../INC/DOSSYM.INC(4): Note! N290: included by file STDCODE.ASM(13)
../INC/DOSSYM.INC(5): Error! E230: Label 'FALSE' is already defined
../INC/DOSSYM.INC(5): Note! N290: included by file MS_CODE.ASM(7)
../INC/DOSSYM.INC(5): Note! N290: included by file STDCODE.ASM(13)
../INC/VERSION.INC(44): Error! E230: Label 'IBM' is already defined
../INC/VERSION.INC(44): Note! N290: included by file ../INC/SYSVAR.INC(2)
../INC/VERSION.INC(44): Note! N290: included by file ../INC/DOSSYM.INC(69)
../INC/VERSION.INC(44): Note! N290: included by file MS_CODE.ASM(7)
../INC/VERSION.INC(44): Note! N290: included by file STDCODE.ASM(13)
../INC/DOSMAC.INC(197): Error! E306: Label is defined outside segment
../INC/DOSMAC.INC(197): Note! N291: macro called from file ../INC/IFSSYM.INC(497)
../INC/DOSMAC.INC(197): Note! N290: included by file MS_CODE.ASM(10)
../INC/DOSMAC.INC(197): Note! N290: included by file STDCODE.ASM(13)
../INC/DOSMAC.INC(198): Error! E225: Data emitted with no segment
../INC/DOSMAC.INC(198): Note! N291: macro called from file ../INC/IFSSYM.INC(497)
../INC/DOSMAC.INC(198): Note! N290: included by file MS_CODE.ASM(10)
../INC/DOSMAC.INC(198): Note! N290: included by file STDCODE.ASM(13)
STDCODE.ASM(15): Warning! W249: End directive required at end of file
