../INC/DOSSYM.INC(4): Error! E230: Label 'TRUE' is already defined
../INC/DOSSYM.INC(4): Note! N290: included by file CPMIO.ASM(42)
../INC/DOSSYM.INC(4): Note! N290: included by file STDCPMIO.ASM(14)
../INC/DOSSYM.INC(5): Error! E230: Label 'FALSE' is already defined
../INC/DOSSYM.INC(5): Note! N290: included by file CPMIO.ASM(42)
../INC/DOSSYM.INC(5): Note! N290: included by file STDCPMIO.ASM(14)
../INC/VERSION.INC(44): Error! E230: Label 'IBM' is already defined
../INC/VERSION.INC(44): Note! N290: included by file ../INC/SYSVAR.INC(2)
../INC/VERSION.INC(44): Note! N290: included by file ../INC/DOSSYM.INC(69)
../INC/VERSION.INC(44): Note! N290: included by file CPMIO.ASM(42)
../INC/VERSION.INC(44): Note! N290: included by file STDCPMIO.ASM(14)
STRIN.ASM(167): Error! E299: 'COPYNEW' is already defined
STRIN.ASM(167): Note! N290: included by file CPMIO.ASM(230)
STRIN.ASM(167): Note! N290: included by file STDCPMIO.ASM(14)
STRIN.ASM(293): Error! E299: 'BACKMES' is already defined
STRIN.ASM(293): Note! N290: included by file CPMIO.ASM(230)
STRIN.ASM(293): Note! N290: included by file STDCPMIO.ASM(14)
STRIN.ASM(355): Error! E299: 'FINDOLD' is already defined
STRIN.ASM(355): Note! N290: included by file CPMIO.ASM(230)
STRIN.ASM(355): Note! N290: included by file STDCPMIO.ASM(14)
