EDLIN.CLA(12): Error! E050: Offset cannot be smaller than WORD size
EDLIN.CLA(12): Note! N290: included by file /var/folders/ss/gwtjwn753g54d65c43lsc_4m0000gp/T/tmp.x6Yy0gD1EJ/inc_______INC/SYSMSG.INC(446)
EDLIN.CLA(12): Note! N291: macro called from file /var/folders/ss/gwtjwn753g54d65c43lsc_4m0000gp/T/tmp.x6Yy0gD1EJ/inc_______INC/SYSMSG.INC(410)
EDLIN.CLA(12): Note! N291: macro called from file /var/folders/ss/gwtjwn753g54d65c43lsc_4m0000gp/T/tmp.x6Yy0gD1EJ/EDLMES.ASM(185)
EDLIN.CLB(12): Error! E050: Offset cannot be smaller than WORD size
EDLIN.CLB(12): Note! N290: included by file /var/folders/ss/gwtjwn753g54d65c43lsc_4m0000gp/T/tmp.x6Yy0gD1EJ/inc_______INC/SYSMSG.INC(446)
EDLIN.CLB(12): Note! N291: macro called from file /var/folders/ss/gwtjwn753g54d65c43lsc_4m0000gp/T/tmp.x6Yy0gD1EJ/inc_______INC/SYSMSG.INC(410)
EDLIN.CLB(12): Note! N291: macro called from file /var/folders/ss/gwtjwn753g54d65c43lsc_4m0000gp/T/tmp.x6Yy0gD1EJ/EDLMES.ASM(185)
EDLIN.CLC(12): Error! E050: Offset cannot be smaller than WORD size
EDLIN.CLC(12): Note! N290: included by file /var/folders/ss/gwtjwn753g54d65c43lsc_4m0000gp/T/tmp.x6Yy0gD1EJ/inc_______INC/SYSMSG.INC(446)
EDLIN.CLC(12): Note! N291: macro called from file /var/folders/ss/gwtjwn753g54d65c43lsc_4m0000gp/T/tmp.x6Yy0gD1EJ/inc_______INC/SYSMSG.INC(410)
EDLIN.CLC(12): Note! N291: macro called from file /var/folders/ss/gwtjwn753g54d65c43lsc_4m0000gp/T/tmp.x6Yy0gD1EJ/EDLMES.ASM(185)
EDLIN.CL1(12): Error! E050: Offset cannot be smaller than WORD size
EDLIN.CL1(12): Note! N290: included by file /var/folders/ss/gwtjwn753g54d65c43lsc_4m0000gp/T/tmp.x6Yy0gD1EJ/inc_______INC/SYSMSG.INC(446)
EDLIN.CL1(12): Note! N291: macro called from file /var/folders/ss/gwtjwn753g54d65c43lsc_4m0000gp/T/tmp.x6Yy0gD1EJ/inc_______INC/SYSMSG.INC(410)
EDLIN.CL1(12): Note! N291: macro called from file /var/folders/ss/gwtjwn753g54d65c43lsc_4m0000gp/T/tmp.x6Yy0gD1EJ/EDLMES.ASM(186)
EDLIN.CL1(41): Error! E299: '$M_MSGSERV_1' is already defined
EDLIN.CL1(41): Note! N290: included by file /var/folders/ss/gwtjwn753g54d65c43lsc_4m0000gp/T/tmp.x6Yy0gD1EJ/inc_______INC/SYSMSG.INC(446)
EDLIN.CL1(41): Note! N291: macro called from file /var/folders/ss/gwtjwn753g54d65c43lsc_4m0000gp/T/tmp.x6Yy0gD1EJ/inc_______INC/SYSMSG.INC(410)
EDLIN.CL1(41): Note! N291: macro called from file /var/folders/ss/gwtjwn753g54d65c43lsc_4m0000gp/T/tmp.x6Yy0gD1EJ/EDLMES.ASM(186)
EDLIN.CL1(50): Error! E206: Block nesting error
EDLIN.CL1(50): Note! N290: included by file /var/folders/ss/gwtjwn753g54d65c43lsc_4m0000gp/T/tmp.x6Yy0gD1EJ/inc_______INC/SYSMSG.INC(446)
EDLIN.CL1(50): Note! N291: macro called from file /var/folders/ss/gwtjwn753g54d65c43lsc_4m0000gp/T/tmp.x6Yy0gD1EJ/inc_______INC/SYSMSG.INC(410)
EDLIN.CL1(50): Note! N291: macro called from file /var/folders/ss/gwtjwn753g54d65c43lsc_4m0000gp/T/tmp.x6Yy0gD1EJ/EDLMES.ASM(186)
EDLIN.CL2(12): Error! E050: Offset cannot be smaller than WORD size
EDLIN.CL2(12): Note! N290: included by file /var/folders/ss/gwtjwn753g54d65c43lsc_4m0000gp/T/tmp.x6Yy0gD1EJ/inc_______INC/SYSMSG.INC(446)
EDLIN.CL2(12): Note! N291: macro called from file /var/folders/ss/gwtjwn753g54d65c43lsc_4m0000gp/T/tmp.x6Yy0gD1EJ/inc_______INC/SYSMSG.INC(410)
EDLIN.CL2(12): Note! N291: macro called from file /var/folders/ss/gwtjwn753g54d65c43lsc_4m0000gp/T/tmp.x6Yy0gD1EJ/EDLMES.ASM(186)
EDLIN.CL2(41): Error! E299: '$M_MSGSERV_2' is already defined
EDLIN.CL2(41): Note! N290: included by file /var/folders/ss/gwtjwn753g54d65c43lsc_4m0000gp/T/tmp.x6Yy0gD1EJ/inc_______INC/SYSMSG.INC(446)
EDLIN.CL2(41): Note! N291: macro called from file /var/folders/ss/gwtjwn753g54d65c43lsc_4m0000gp/T/tmp.x6Yy0gD1EJ/inc_______INC/SYSMSG.INC(410)
EDLIN.CL2(41): Note! N291: macro called from file /var/folders/ss/gwtjwn753g54d65c43lsc_4m0000gp/T/tmp.x6Yy0gD1EJ/EDLMES.ASM(186)
EDLIN.CL2(50): Error! E206: Block nesting error
EDLIN.CL2(50): Note! N290: included by file /var/folders/ss/gwtjwn753g54d65c43lsc_4m0000gp/T/tmp.x6Yy0gD1EJ/inc_______INC/SYSMSG.INC(446)
EDLIN.CL2(50): Note! N291: macro called from file /var/folders/ss/gwtjwn753g54d65c43lsc_4m0000gp/T/tmp.x6Yy0gD1EJ/inc_______INC/SYSMSG.INC(410)
EDLIN.CL2(50): Note! N291: macro called from file /var/folders/ss/gwtjwn753g54d65c43lsc_4m0000gp/T/tmp.x6Yy0gD1EJ/EDLMES.ASM(186)
EDLIN.CTL(1): Error! E230: Label '$M_NUM_CLS' is already defined
EDLIN.CTL(1): Note! N290: included by file /var/folders/ss/gwtjwn753g54d65c43lsc_4m0000gp/T/tmp.x6Yy0gD1EJ/inc_______INC/SYSMSG.INC(446)
EDLIN.CTL(1): Note! N291: macro called from file /var/folders/ss/gwtjwn753g54d65c43lsc_4m0000gp/T/tmp.x6Yy0gD1EJ/inc_______INC/SYSMSG.INC(410)
EDLIN.CTL(1): Note! N291: macro called from file /var/folders/ss/gwtjwn753g54d65c43lsc_4m0000gp/T/tmp.x6Yy0gD1EJ/EDLMES.ASM(187)
/var/folders/ss/gwtjwn753g54d65c43lsc_4m0000gp/T/tmp.x6Yy0gD1EJ/EDLMES.ASM(665): Warning! W249: End directive required at end of file
