REPLACE.CLA(12): Error! E050: Offset cannot be smaller than WORD size
REPLACE.CLA(12): Note! N290: included by file /var/folders/ss/gwtjwn753g54d65c43lsc_4m0000gp/T/tmp.HahYrqIsgi/inc_______INC/SYSMSG.INC(446)
REPLACE.CLA(12): Note! N291: macro called from file /var/folders/ss/gwtjwn753g54d65c43lsc_4m0000gp/T/tmp.HahYrqIsgi/inc_______INC/SYSMSG.INC(410)
REPLACE.CLA(12): Note! N291: macro called from file /var/folders/ss/gwtjwn753g54d65c43lsc_4m0000gp/T/tmp.HahYrqIsgi/_MSGRET.ASM(72)
REPLACE.CL1(12): Error! E050: Offset cannot be smaller than WORD size
REPLACE.CL1(12): Note! N290: included by file /var/folders/ss/gwtjwn753g54d65c43lsc_4m0000gp/T/tmp.HahYrqIsgi/inc_______INC/SYSMSG.INC(446)
REPLACE.CL1(12): Note! N291: macro called from file /var/folders/ss/gwtjwn753g54d65c43lsc_4m0000gp/T/tmp.HahYrqIsgi/inc_______INC/SYSMSG.INC(410)
REPLACE.CL1(12): Note! N291: macro called from file /var/folders/ss/gwtjwn753g54d65c43lsc_4m0000gp/T/tmp.HahYrqIsgi/_MSGRET.ASM(72)
REPLACE.CL1(39): Error! E299: '$M_MSGSERV_1' is already defined
REPLACE.CL1(39): Note! N290: included by file /var/folders/ss/gwtjwn753g54d65c43lsc_4m0000gp/T/tmp.HahYrqIsgi/inc_______INC/SYSMSG.INC(446)
REPLACE.CL1(39): Note! N291: macro called from file /var/folders/ss/gwtjwn753g54d65c43lsc_4m0000gp/T/tmp.HahYrqIsgi/inc_______INC/SYSMSG.INC(410)
REPLACE.CL1(39): Note! N291: macro called from file /var/folders/ss/gwtjwn753g54d65c43lsc_4m0000gp/T/tmp.HahYrqIsgi/_MSGRET.ASM(72)
REPLACE.CL1(50): Error! E206: Block nesting error
REPLACE.CL1(50): Note! N290: included by file /var/folders/ss/gwtjwn753g54d65c43lsc_4m0000gp/T/tmp.HahYrqIsgi/inc_______INC/SYSMSG.INC(446)
REPLACE.CL1(50): Note! N291: macro called from file /var/folders/ss/gwtjwn753g54d65c43lsc_4m0000gp/T/tmp.HahYrqIsgi/inc_______INC/SYSMSG.INC(410)
REPLACE.CL1(50): Note! N291: macro called from file /var/folders/ss/gwtjwn753g54d65c43lsc_4m0000gp/T/tmp.HahYrqIsgi/_MSGRET.ASM(72)
REPLACE.CL2(12): Error! E050: Offset cannot be smaller than WORD size
REPLACE.CL2(12): Note! N290: included by file /var/folders/ss/gwtjwn753g54d65c43lsc_4m0000gp/T/tmp.HahYrqIsgi/inc_______INC/SYSMSG.INC(446)
REPLACE.CL2(12): Note! N291: macro called from file /var/folders/ss/gwtjwn753g54d65c43lsc_4m0000gp/T/tmp.HahYrqIsgi/inc_______INC/SYSMSG.INC(410)
REPLACE.CL2(12): Note! N291: macro called from file /var/folders/ss/gwtjwn753g54d65c43lsc_4m0000gp/T/tmp.HahYrqIsgi/_MSGRET.ASM(72)
REPLACE.CL2(39): Error! E299: '$M_MSGSERV_2' is already defined
REPLACE.CL2(39): Note! N290: included by file /var/folders/ss/gwtjwn753g54d65c43lsc_4m0000gp/T/tmp.HahYrqIsgi/inc_______INC/SYSMSG.INC(446)
REPLACE.CL2(39): Note! N291: macro called from file /var/folders/ss/gwtjwn753g54d65c43lsc_4m0000gp/T/tmp.HahYrqIsgi/inc_______INC/SYSMSG.INC(410)
REPLACE.CL2(39): Note! N291: macro called from file /var/folders/ss/gwtjwn753g54d65c43lsc_4m0000gp/T/tmp.HahYrqIsgi/_MSGRET.ASM(72)
REPLACE.CL2(50): Error! E206: Block nesting error
REPLACE.CL2(50): Note! N290: included by file /var/folders/ss/gwtjwn753g54d65c43lsc_4m0000gp/T/tmp.HahYrqIsgi/inc_______INC/SYSMSG.INC(446)
REPLACE.CL2(50): Note! N291: macro called from file /var/folders/ss/gwtjwn753g54d65c43lsc_4m0000gp/T/tmp.HahYrqIsgi/inc_______INC/SYSMSG.INC(410)
REPLACE.CL2(50): Note! N291: macro called from file /var/folders/ss/gwtjwn753g54d65c43lsc_4m0000gp/T/tmp.HahYrqIsgi/_MSGRET.ASM(72)
/var/folders/ss/gwtjwn753g54d65c43lsc_4m0000gp/T/tmp.HahYrqIsgi/_MSGRET.ASM(251): Warning! W249: End directive required at end of file
