SUBST.CLA(12): Error! E050: Offset cannot be smaller than WORD size
SUBST.CLA(12): Note! N290: included by file /var/folders/ss/gwtjwn753g54d65c43lsc_4m0000gp/T/tmp.fRXVldANNp/inc_______INC/SYSMSG.INC(446)
SUBST.CLA(12): Note! N291: macro called from file /var/folders/ss/gwtjwn753g54d65c43lsc_4m0000gp/T/tmp.fRXVldANNp/inc_______INC/SYSMSG.INC(410)
SUBST.CLA(12): Note! N291: macro called from file /var/folders/ss/gwtjwn753g54d65c43lsc_4m0000gp/T/tmp.fRXVldANNp/_MSGRET.ASM(71)
SUBST.CL1(12): Error! E050: Offset cannot be smaller than WORD size
SUBST.CL1(12): Note! N290: included by file /var/folders/ss/gwtjwn753g54d65c43lsc_4m0000gp/T/tmp.fRXVldANNp/inc_______INC/SYSMSG.INC(446)
SUBST.CL1(12): Note! N291: macro called from file /var/folders/ss/gwtjwn753g54d65c43lsc_4m0000gp/T/tmp.fRXVldANNp/inc_______INC/SYSMSG.INC(410)
SUBST.CL1(12): Note! N291: macro called from file /var/folders/ss/gwtjwn753g54d65c43lsc_4m0000gp/T/tmp.fRXVldANNp/_MSGRET.ASM(71)
SUBST.CL1(39): Error! E299: '$M_MSGSERV_1' is already defined
SUBST.CL1(39): Note! N290: included by file /var/folders/ss/gwtjwn753g54d65c43lsc_4m0000gp/T/tmp.fRXVldANNp/inc_______INC/SYSMSG.INC(446)
SUBST.CL1(39): Note! N291: macro called from file /var/folders/ss/gwtjwn753g54d65c43lsc_4m0000gp/T/tmp.fRXVldANNp/inc_______INC/SYSMSG.INC(410)
SUBST.CL1(39): Note! N291: macro called from file /var/folders/ss/gwtjwn753g54d65c43lsc_4m0000gp/T/tmp.fRXVldANNp/_MSGRET.ASM(71)
SUBST.CL1(50): Error! E206: Block nesting error
SUBST.CL1(50): Note! N290: included by file /var/folders/ss/gwtjwn753g54d65c43lsc_4m0000gp/T/tmp.fRXVldANNp/inc_______INC/SYSMSG.INC(446)
SUBST.CL1(50): Note! N291: macro called from file /var/folders/ss/gwtjwn753g54d65c43lsc_4m0000gp/T/tmp.fRXVldANNp/inc_______INC/SYSMSG.INC(410)
SUBST.CL1(50): Note! N291: macro called from file /var/folders/ss/gwtjwn753g54d65c43lsc_4m0000gp/T/tmp.fRXVldANNp/_MSGRET.ASM(71)
SUBST.CL2(12): Error! E050: Offset cannot be smaller than WORD size
SUBST.CL2(12): Note! N290: included by file /var/folders/ss/gwtjwn753g54d65c43lsc_4m0000gp/T/tmp.fRXVldANNp/inc_______INC/SYSMSG.INC(446)
SUBST.CL2(12): Note! N291: macro called from file /var/folders/ss/gwtjwn753g54d65c43lsc_4m0000gp/T/tmp.fRXVldANNp/inc_______INC/SYSMSG.INC(410)
SUBST.CL2(12): Note! N291: macro called from file /var/folders/ss/gwtjwn753g54d65c43lsc_4m0000gp/T/tmp.fRXVldANNp/_MSGRET.ASM(71)
SUBST.CL2(39): Error! E299: '$M_MSGSERV_2' is already defined
SUBST.CL2(39): Note! N290: included by file /var/folders/ss/gwtjwn753g54d65c43lsc_4m0000gp/T/tmp.fRXVldANNp/inc_______INC/SYSMSG.INC(446)
SUBST.CL2(39): Note! N291: macro called from file /var/folders/ss/gwtjwn753g54d65c43lsc_4m0000gp/T/tmp.fRXVldANNp/inc_______INC/SYSMSG.INC(410)
SUBST.CL2(39): Note! N291: macro called from file /var/folders/ss/gwtjwn753g54d65c43lsc_4m0000gp/T/tmp.fRXVldANNp/_MSGRET.ASM(71)
SUBST.CL2(50): Error! E206: Block nesting error
SUBST.CL2(50): Note! N290: included by file /var/folders/ss/gwtjwn753g54d65c43lsc_4m0000gp/T/tmp.fRXVldANNp/inc_______INC/SYSMSG.INC(446)
SUBST.CL2(50): Note! N291: macro called from file /var/folders/ss/gwtjwn753g54d65c43lsc_4m0000gp/T/tmp.fRXVldANNp/inc_______INC/SYSMSG.INC(410)
SUBST.CL2(50): Note! N291: macro called from file /var/folders/ss/gwtjwn753g54d65c43lsc_4m0000gp/T/tmp.fRXVldANNp/_MSGRET.ASM(71)
/var/folders/ss/gwtjwn753g54d65c43lsc_4m0000gp/T/tmp.fRXVldANNp/_MSGRET.ASM(250): Warning! W249: End directive required at end of file
