/home/ddanila/fun/msdos/MS-DOS/v4.0/src/INC/SYSMSG.INC(283): Error! E220: Cannot open include file &UTILNAME.CTL
/home/ddanila/fun/msdos/MS-DOS/v4.0/src/INC/SYSMSG.INC(283): Note! N291: macro called from file DEBMES.ASM(70)
/home/ddanila/fun/msdos/MS-DOS/v4.0/src/INC/MSGSERV.ASM(92): Error! E065: Operator is expected
/home/ddanila/fun/msdos/MS-DOS/v4.0/src/INC/MSGSERV.ASM(92): Note! N290: included by file /home/ddanila/fun/msdos/MS-DOS/v4.0/src/INC/SYSMSG.INC(284)
/home/ddanila/fun/msdos/MS-DOS/v4.0/src/INC/MSGSERV.ASM(92): Note! N291: macro called from file DEBMES.ASM(70)
/home/ddanila/fun/msdos/MS-DOS/v4.0/src/INC/MSGSERV.ASM(109): Error! E065: Operator is expected
/home/ddanila/fun/msdos/MS-DOS/v4.0/src/INC/MSGSERV.ASM(109): Note! N290: included by file /home/ddanila/fun/msdos/MS-DOS/v4.0/src/INC/SYSMSG.INC(284)
/home/ddanila/fun/msdos/MS-DOS/v4.0/src/INC/MSGSERV.ASM(109): Note! N291: macro called from file DEBMES.ASM(70)
/home/ddanila/fun/msdos/MS-DOS/v4.0/src/INC/MSGSERV.ASM(132): Error! E032: Syntax error
/home/ddanila/fun/msdos/MS-DOS/v4.0/src/INC/MSGSERV.ASM(132): Note! N290: included by file /home/ddanila/fun/msdos/MS-DOS/v4.0/src/INC/SYSMSG.INC(284)
/home/ddanila/fun/msdos/MS-DOS/v4.0/src/INC/MSGSERV.ASM(132): Note! N291: macro called from file DEBMES.ASM(70)
/home/ddanila/fun/msdos/MS-DOS/v4.0/src/INC/MSGSERV.ASM(147): Error! E065: Operator is expected
/home/ddanila/fun/msdos/MS-DOS/v4.0/src/INC/MSGSERV.ASM(147): Note! N290: included by file /home/ddanila/fun/msdos/MS-DOS/v4.0/src/INC/SYSMSG.INC(284)
/home/ddanila/fun/msdos/MS-DOS/v4.0/src/INC/MSGSERV.ASM(147): Note! N291: macro called from file DEBMES.ASM(70)
/home/ddanila/fun/msdos/MS-DOS/v4.0/src/INC/MSGSERV.ASM(159): Error! E250: Nesting level too deep
/home/ddanila/fun/msdos/MS-DOS/v4.0/src/INC/MSGSERV.ASM(159): Note! N290: included by file /home/ddanila/fun/msdos/MS-DOS/v4.0/src/INC/SYSMSG.INC(284)
/home/ddanila/fun/msdos/MS-DOS/v4.0/src/INC/MSGSERV.ASM(159): Note! N291: macro called from file DEBMES.ASM(70)
/home/ddanila/fun/msdos/MS-DOS/v4.0/src/INC/MSGSERV.ASM(159): Error! E250: Nesting level too deep
/home/ddanila/fun/msdos/MS-DOS/v4.0/src/INC/MSGSERV.ASM(159): Note! N290: included by file /home/ddanila/fun/msdos/MS-DOS/v4.0/src/INC/SYSMSG.INC(284)
/home/ddanila/fun/msdos/MS-DOS/v4.0/src/INC/MSGSERV.ASM(159): Note! N291: macro called from file DEBMES.ASM(70)
/home/ddanila/fun/msdos/MS-DOS/v4.0/src/INC/MSGSERV.ASM(197): Error! E032: Syntax error
/home/ddanila/fun/msdos/MS-DOS/v4.0/src/INC/MSGSERV.ASM(197): Note! N290: included by file /home/ddanila/fun/msdos/MS-DOS/v4.0/src/INC/SYSMSG.INC(329)
/home/ddanila/fun/msdos/MS-DOS/v4.0/src/INC/MSGSERV.ASM(197): Note! N291: macro called from file DEBMES.ASM(157)
/home/ddanila/fun/msdos/MS-DOS/v4.0/src/INC/MSGSERV.ASM(2303): Error! E250: Nesting level too deep
/home/ddanila/fun/msdos/MS-DOS/v4.0/src/INC/MSGSERV.ASM(2303): Note! N290: included by file /home/ddanila/fun/msdos/MS-DOS/v4.0/src/INC/SYSMSG.INC(329)
/home/ddanila/fun/msdos/MS-DOS/v4.0/src/INC/MSGSERV.ASM(2303): Note! N291: macro called from file DEBMES.ASM(179)
/home/ddanila/fun/msdos/MS-DOS/v4.0/src/INC/MSGSERV.ASM(2338): Error! E250: Nesting level too deep
/home/ddanila/fun/msdos/MS-DOS/v4.0/src/INC/MSGSERV.ASM(2338): Note! N290: included by file /home/ddanila/fun/msdos/MS-DOS/v4.0/src/INC/SYSMSG.INC(329)
/home/ddanila/fun/msdos/MS-DOS/v4.0/src/INC/MSGSERV.ASM(2338): Note! N291: macro called from file DEBMES.ASM(179)
/home/ddanila/fun/msdos/MS-DOS/v4.0/src/INC/SYSMSG.INC(360): Error! E220: Cannot open include file &EXT
/home/ddanila/fun/msdos/MS-DOS/v4.0/src/INC/SYSMSG.INC(360): Note! N291: macro called from file /home/ddanila/fun/msdos/MS-DOS/v4.0/src/INC/SYSMSG.INC(324)
/home/ddanila/fun/msdos/MS-DOS/v4.0/src/INC/SYSMSG.INC(360): Note! N291: macro called from file DEBMES.ASM(181)
/home/ddanila/fun/msdos/MS-DOS/v4.0/src/INC/SYSMSG.INC(360): Error! E220: Cannot open include file &EXT
/home/ddanila/fun/msdos/MS-DOS/v4.0/src/INC/SYSMSG.INC(360): Note! N291: macro called from file /home/ddanila/fun/msdos/MS-DOS/v4.0/src/INC/SYSMSG.INC(324)
/home/ddanila/fun/msdos/MS-DOS/v4.0/src/INC/SYSMSG.INC(360): Note! N291: macro called from file DEBMES.ASM(181)
/home/ddanila/fun/msdos/MS-DOS/v4.0/src/INC/SYSMSG.INC(360): Error! E220: Cannot open include file &EXT
/home/ddanila/fun/msdos/MS-DOS/v4.0/src/INC/SYSMSG.INC(360): Note! N291: macro called from file /home/ddanila/fun/msdos/MS-DOS/v4.0/src/INC/SYSMSG.INC(324)
/home/ddanila/fun/msdos/MS-DOS/v4.0/src/INC/SYSMSG.INC(360): Note! N291: macro called from file DEBMES.ASM(182)
/home/ddanila/fun/msdos/MS-DOS/v4.0/src/INC/SYSMSG.INC(360): Error! E220: Cannot open include file &EXT
/home/ddanila/fun/msdos/MS-DOS/v4.0/src/INC/SYSMSG.INC(360): Note! N291: macro called from file /home/ddanila/fun/msdos/MS-DOS/v4.0/src/INC/SYSMSG.INC(324)
/home/ddanila/fun/msdos/MS-DOS/v4.0/src/INC/SYSMSG.INC(360): Note! N291: macro called from file DEBMES.ASM(182)
/home/ddanila/fun/msdos/MS-DOS/v4.0/src/INC/SYSMSG.INC(360): Error! E220: Cannot open include file &EXT
/home/ddanila/fun/msdos/MS-DOS/v4.0/src/INC/SYSMSG.INC(360): Note! N291: macro called from file /home/ddanila/fun/msdos/MS-DOS/v4.0/src/INC/SYSMSG.INC(324)
/home/ddanila/fun/msdos/MS-DOS/v4.0/src/INC/SYSMSG.INC(360): Note! N291: macro called from file DEBMES.ASM(183)
/home/ddanila/fun/msdos/MS-DOS/v4.0/src/INC/SYSMSG.INC(360): Error! E220: Cannot open include file &EXT
/home/ddanila/fun/msdos/MS-DOS/v4.0/src/INC/SYSMSG.INC(360): Note! N291: macro called from file /home/ddanila/fun/msdos/MS-DOS/v4.0/src/INC/SYSMSG.INC(324)
/home/ddanila/fun/msdos/MS-DOS/v4.0/src/INC/SYSMSG.INC(360): Note! N291: macro called from file DEBMES.ASM(183)
/home/ddanila/fun/msdos/MS-DOS/v4.0/src/INC/MSGDCL.INC(14): Error! E066: Operand is expected
/home/ddanila/fun/msdos/MS-DOS/v4.0/src/INC/MSGDCL.INC(14): Note! N291: macro called from file /home/ddanila/fun/msdos/MS-DOS/v4.0/src/INC/MSGDCL.INC(103)
/home/ddanila/fun/msdos/MS-DOS/v4.0/src/INC/MSGDCL.INC(14): Note! N290: included by file DEBMES.ASM(253)
DEBMES.ASM(1524): Warning! W249: End directive required at end of file
