FILESYS.CLA(12): Error! E050: Offset cannot be smaller than WORD size
FILESYS.CLA(12): Note! N290: included by file /var/folders/ss/gwtjwn753g54d65c43lsc_4m0000gp/T/tmp.b5B32D8YOL/inc_______INC/SYSMSG.INC(446)
FILESYS.CLA(12): Note! N291: macro called from file /var/folders/ss/gwtjwn753g54d65c43lsc_4m0000gp/T/tmp.b5B32D8YOL/inc_______INC/SYSMSG.INC(410)
FILESYS.CLA(12): Note! N291: macro called from file /var/folders/ss/gwtjwn753g54d65c43lsc_4m0000gp/T/tmp.b5B32D8YOL/_MSGRET.ASM(46)
FILESYS.CL1(12): Error! E050: Offset cannot be smaller than WORD size
FILESYS.CL1(12): Note! N290: included by file /var/folders/ss/gwtjwn753g54d65c43lsc_4m0000gp/T/tmp.b5B32D8YOL/inc_______INC/SYSMSG.INC(446)
FILESYS.CL1(12): Note! N291: macro called from file /var/folders/ss/gwtjwn753g54d65c43lsc_4m0000gp/T/tmp.b5B32D8YOL/inc_______INC/SYSMSG.INC(410)
FILESYS.CL1(12): Note! N291: macro called from file /var/folders/ss/gwtjwn753g54d65c43lsc_4m0000gp/T/tmp.b5B32D8YOL/_MSGRET.ASM(46)
FILESYS.CL1(39): Error! E299: '$M_MSGSERV_1' is already defined
FILESYS.CL1(39): Note! N290: included by file /var/folders/ss/gwtjwn753g54d65c43lsc_4m0000gp/T/tmp.b5B32D8YOL/inc_______INC/SYSMSG.INC(446)
FILESYS.CL1(39): Note! N291: macro called from file /var/folders/ss/gwtjwn753g54d65c43lsc_4m0000gp/T/tmp.b5B32D8YOL/inc_______INC/SYSMSG.INC(410)
FILESYS.CL1(39): Note! N291: macro called from file /var/folders/ss/gwtjwn753g54d65c43lsc_4m0000gp/T/tmp.b5B32D8YOL/_MSGRET.ASM(46)
FILESYS.CL1(50): Error! E206: Block nesting error
FILESYS.CL1(50): Note! N290: included by file /var/folders/ss/gwtjwn753g54d65c43lsc_4m0000gp/T/tmp.b5B32D8YOL/inc_______INC/SYSMSG.INC(446)
FILESYS.CL1(50): Note! N291: macro called from file /var/folders/ss/gwtjwn753g54d65c43lsc_4m0000gp/T/tmp.b5B32D8YOL/inc_______INC/SYSMSG.INC(410)
FILESYS.CL1(50): Note! N291: macro called from file /var/folders/ss/gwtjwn753g54d65c43lsc_4m0000gp/T/tmp.b5B32D8YOL/_MSGRET.ASM(46)
FILESYS.CL2(12): Error! E050: Offset cannot be smaller than WORD size
FILESYS.CL2(12): Note! N290: included by file /var/folders/ss/gwtjwn753g54d65c43lsc_4m0000gp/T/tmp.b5B32D8YOL/inc_______INC/SYSMSG.INC(446)
FILESYS.CL2(12): Note! N291: macro called from file /var/folders/ss/gwtjwn753g54d65c43lsc_4m0000gp/T/tmp.b5B32D8YOL/inc_______INC/SYSMSG.INC(410)
FILESYS.CL2(12): Note! N291: macro called from file /var/folders/ss/gwtjwn753g54d65c43lsc_4m0000gp/T/tmp.b5B32D8YOL/_MSGRET.ASM(46)
FILESYS.CL2(39): Error! E299: '$M_MSGSERV_2' is already defined
FILESYS.CL2(39): Note! N290: included by file /var/folders/ss/gwtjwn753g54d65c43lsc_4m0000gp/T/tmp.b5B32D8YOL/inc_______INC/SYSMSG.INC(446)
FILESYS.CL2(39): Note! N291: macro called from file /var/folders/ss/gwtjwn753g54d65c43lsc_4m0000gp/T/tmp.b5B32D8YOL/inc_______INC/SYSMSG.INC(410)
FILESYS.CL2(39): Note! N291: macro called from file /var/folders/ss/gwtjwn753g54d65c43lsc_4m0000gp/T/tmp.b5B32D8YOL/_MSGRET.ASM(46)
FILESYS.CL2(50): Error! E206: Block nesting error
FILESYS.CL2(50): Note! N290: included by file /var/folders/ss/gwtjwn753g54d65c43lsc_4m0000gp/T/tmp.b5B32D8YOL/inc_______INC/SYSMSG.INC(446)
FILESYS.CL2(50): Note! N291: macro called from file /var/folders/ss/gwtjwn753g54d65c43lsc_4m0000gp/T/tmp.b5B32D8YOL/inc_______INC/SYSMSG.INC(410)
FILESYS.CL2(50): Note! N291: macro called from file /var/folders/ss/gwtjwn753g54d65c43lsc_4m0000gp/T/tmp.b5B32D8YOL/_MSGRET.ASM(46)
FILESYS.CTL(1): Error! E230: Label '$M_NUM_CLS' is already defined
FILESYS.CTL(1): Note! N290: included by file /var/folders/ss/gwtjwn753g54d65c43lsc_4m0000gp/T/tmp.b5B32D8YOL/inc_______INC/SYSMSG.INC(446)
FILESYS.CTL(1): Note! N291: macro called from file /var/folders/ss/gwtjwn753g54d65c43lsc_4m0000gp/T/tmp.b5B32D8YOL/inc_______INC/SYSMSG.INC(410)
FILESYS.CTL(1): Note! N291: macro called from file /var/folders/ss/gwtjwn753g54d65c43lsc_4m0000gp/T/tmp.b5B32D8YOL/_MSGRET.ASM(46)
