/home/ddanila/fun/msdos/MS-DOS/v4.0/src/INC/SMDOSSYM.INC(4): Error! E230: Label 'TRUE' is already defined
/home/ddanila/fun/msdos/MS-DOS/v4.0/src/INC/SMDOSSYM.INC(4): Note! N290: included by file SYSCONF.ASM(88)
/home/ddanila/fun/msdos/MS-DOS/v4.0/src/INC/SMDOSSYM.INC(5): Error! E230: Label 'FALSE' is already defined
/home/ddanila/fun/msdos/MS-DOS/v4.0/src/INC/SMDOSSYM.INC(5): Note! N290: included by file SYSCONF.ASM(88)
/home/ddanila/fun/msdos/MS-DOS/v4.0/src/INC/VERSION.INC(36): Error! E230: Label 'IBMVER' is already defined
/home/ddanila/fun/msdos/MS-DOS/v4.0/src/INC/VERSION.INC(36): Note! N290: included by file /home/ddanila/fun/msdos/MS-DOS/v4.0/src/INC/SYSVAR.INC(2)
/home/ddanila/fun/msdos/MS-DOS/v4.0/src/INC/VERSION.INC(36): Note! N290: included by file /home/ddanila/fun/msdos/MS-DOS/v4.0/src/INC/SMDOSSYM.INC(67)
/home/ddanila/fun/msdos/MS-DOS/v4.0/src/INC/VERSION.INC(36): Note! N290: included by file SYSCONF.ASM(88)
/home/ddanila/fun/msdos/MS-DOS/v4.0/src/INC/VERSION.INC(44): Error! E230: Label 'IBM' is already defined
/home/ddanila/fun/msdos/MS-DOS/v4.0/src/INC/VERSION.INC(44): Note! N290: included by file /home/ddanila/fun/msdos/MS-DOS/v4.0/src/INC/SYSVAR.INC(2)
/home/ddanila/fun/msdos/MS-DOS/v4.0/src/INC/VERSION.INC(44): Note! N290: included by file /home/ddanila/fun/msdos/MS-DOS/v4.0/src/INC/SMDOSSYM.INC(67)
/home/ddanila/fun/msdos/MS-DOS/v4.0/src/INC/VERSION.INC(44): Note! N290: included by file SYSCONF.ASM(88)
/home/ddanila/fun/msdos/MS-DOS/v4.0/src/INC/VERSION.INC(57): Error! E230: Label 'IBMJAPVER' is already defined
/home/ddanila/fun/msdos/MS-DOS/v4.0/src/INC/VERSION.INC(57): Note! N290: included by file /home/ddanila/fun/msdos/MS-DOS/v4.0/src/INC/SYSVAR.INC(2)
/home/ddanila/fun/msdos/MS-DOS/v4.0/src/INC/VERSION.INC(57): Note! N290: included by file /home/ddanila/fun/msdos/MS-DOS/v4.0/src/INC/SMDOSSYM.INC(67)
/home/ddanila/fun/msdos/MS-DOS/v4.0/src/INC/VERSION.INC(57): Note! N290: included by file SYSCONF.ASM(88)
/home/ddanila/fun/msdos/MS-DOS/v4.0/src/INC/VERSION.INC(68): Error! E230: Label 'KANJI' is already defined
/home/ddanila/fun/msdos/MS-DOS/v4.0/src/INC/VERSION.INC(68): Note! N290: included by file /home/ddanila/fun/msdos/MS-DOS/v4.0/src/INC/SYSVAR.INC(2)
/home/ddanila/fun/msdos/MS-DOS/v4.0/src/INC/VERSION.INC(68): Note! N290: included by file /home/ddanila/fun/msdos/MS-DOS/v4.0/src/INC/SMDOSSYM.INC(67)
/home/ddanila/fun/msdos/MS-DOS/v4.0/src/INC/VERSION.INC(68): Note! N290: included by file SYSCONF.ASM(88)
/home/ddanila/fun/msdos/MS-DOS/v4.0/src/INC/DOSCNTRY.INC(96): Error! E065: Operator is expected
/home/ddanila/fun/msdos/MS-DOS/v4.0/src/INC/DOSCNTRY.INC(96): Note! N290: included by file /home/ddanila/fun/msdos/MS-DOS/v4.0/src/INC/SMDOSSYM.INC(150)
/home/ddanila/fun/msdos/MS-DOS/v4.0/src/INC/DOSCNTRY.INC(96): Note! N290: included by file SYSCONF.ASM(88)
/home/ddanila/fun/msdos/MS-DOS/v4.0/src/INC/DOSCNTRY.INC(97): Error! E065: Operator is expected
/home/ddanila/fun/msdos/MS-DOS/v4.0/src/INC/DOSCNTRY.INC(97): Note! N290: included by file /home/ddanila/fun/msdos/MS-DOS/v4.0/src/INC/SMDOSSYM.INC(150)
/home/ddanila/fun/msdos/MS-DOS/v4.0/src/INC/DOSCNTRY.INC(97): Note! N290: included by file SYSCONF.ASM(88)
/home/ddanila/fun/msdos/MS-DOS/v4.0/src/INC/PARSE.ASM(1039): Error! E066: Operand is expected
/home/ddanila/fun/msdos/MS-DOS/v4.0/src/INC/PARSE.ASM(1039): Note! N290: included by file SYSCONF.ASM(213)
/home/ddanila/fun/msdos/MS-DOS/v4.0/src/INC/PARSE.ASM(2582): Error! E066: Operand is expected
/home/ddanila/fun/msdos/MS-DOS/v4.0/src/INC/PARSE.ASM(2582): Note! N290: included by file SYSCONF.ASM(213)
/home/ddanila/fun/msdos/MS-DOS/v4.0/src/INC/PARSE.ASM(2588): Error! E066: Operand is expected
/home/ddanila/fun/msdos/MS-DOS/v4.0/src/INC/PARSE.ASM(2588): Note! N290: included by file SYSCONF.ASM(213)
/home/ddanila/fun/msdos/MS-DOS/v4.0/src/INC/PARSE.ASM(2953): Error! E066: Operand is expected
/home/ddanila/fun/msdos/MS-DOS/v4.0/src/INC/PARSE.ASM(2953): Note! N290: included by file SYSCONF.ASM(213)
SYSCONF.ASM(2088): Error! E094: This instruction is not supported
SYSCONF.ASM(3391): Error! E300: 1 unclosed conditional directive(s) detected
SYSCONF.ASM(3392): Warning! W249: End directive required at end of file
